[doc.superbtc.org/en/developer-reference.html]
[backblue.gif]
[fade.gif]
[index.html]
[bitcoin.org/img/icons/opengraph.png]
[doc.superbtc.org/css/font-awesome-4.4.0/css/font-awesome.min.css]
[doc.superbtc.org/css/main.css]
[doc.superbtc.org/js/base.js]
[doc.superbtc.org/js/main.js]
[doc.superbtc.org/favicon.png]
[doc.superbtc.org/img/icons/logo_ios.png]
[doc.superbtc.org/js/cookieconsent/cookieconsent.js]
[doc.superbtc.org/js/analytics.js]
[doc.superbtc.org/css/jquery-ui.min.css]
[doc.superbtc.org/en/download.html]
[doc.superbtc.org/en/development.html]
[doc.superbtc.org/en/glossary/consensus.html]
[doc.superbtc.org/en/release/v0.10.0.html]
[doc.superbtc.org/en/glossary/block-header.html]
[doc.superbtc.org/en/glossary/consensus-rules.html]
[doc.superbtc.org/en/glossary/block.html]
[doc.superbtc.org/en/glossary/internal-byte-order.html]
[doc.superbtc.org/en/developer-guide.html]
[doc.superbtc.org/en/glossary/merkle-root.html]
[doc.superbtc.org/en/glossary/mining.html]
[doc.superbtc.org/en/glossary/node.html]
[doc.superbtc.org/en/glossary/nbits.html]
[doc.superbtc.org/en/glossary/coinbase-transaction.html]
[doc.superbtc.org/en/glossary/genesis-block.html]
[doc.superbtc.org/en/glossary/soft-fork.html]
[doc.superbtc.org/en/glossary/block-height.html]
[doc.superbtc.org/en/glossary/coinbase.html]
[doc.superbtc.org/en/glossary/fork.html]
[doc.superbtc.org/en/glossary/signature.html]
[doc.superbtc.org/en/glossary/op-code.html]
[doc.superbtc.org/en/glossary/txid.html]
[doc.superbtc.org/en/glossary/input.html]
[doc.superbtc.org/en/glossary/output.html]
[doc.superbtc.org/en/glossary/block-chain.html]
[doc.superbtc.org/en/glossary/merkle-tree.html]
[doc.superbtc.org/en/glossary/difficulty.html]
[doc.superbtc.org/en/glossary/mainnet.html]
[doc.superbtc.org/en/glossary/testnet.html]
[doc.superbtc.org/en/glossary/regression-test-mode.html]
[doc.superbtc.org/en/glossary/serialized-transaction.html]
[doc.superbtc.org/en/glossary/transaction-fee.html]
[doc.superbtc.org/en/glossary/denominations.html]
[doc.superbtc.org/en/glossary/pubkey-script.html]
[doc.superbtc.org/en/glossary/standard-transaction.html]
[doc.superbtc.org/en/glossary/public-key.html]
[doc.superbtc.org/en/glossary/signature-hash.html]
[doc.superbtc.org/en/glossary/private-key.html]
[doc.superbtc.org/en/glossary/signature-script.html]
[doc.superbtc.org/en/glossary/redeem-script.html]
[doc.superbtc.org/en/glossary/p2sh-address.html]
[doc.superbtc.org/en/glossary/multisig.html]
[doc.superbtc.org/en/glossary/address.html]
[doc.superbtc.org/en/glossary/p2pkh-address.html]
[doc.superbtc.org/en/glossary/base58check.html]
[doc.superbtc.org/en/glossary/outpoint.html]
[doc.superbtc.org/en/glossary/sequence-number.html]
[doc.superbtc.org/en/developer-examples.html]
[doc.superbtc.org/en/glossary/wallet.html]
[doc.superbtc.org/en/glossary/hd-protocol.html]
[doc.superbtc.org/en/glossary/payment-protocol.html]
[doc.superbtc.org/en/glossary/start-string.html]
[doc.superbtc.org/en/release/v0.13.0.html]
[doc.superbtc.org/en/release/v0.12.0.html]
[doc.superbtc.org/en/glossary/message-header.html]
[doc.superbtc.org/en/glossary/bloom-filter.html]
[doc.superbtc.org/en/glossary/serialized-block.html]
[doc.superbtc.org/en/glossary/stale-block.html]
[doc.superbtc.org/en/glossary/confirmation-score.html]
[doc.superbtc.org/en/glossary/simplified-payment-verification.html]
[doc.superbtc.org/en/glossary/proof-of-work.html]
[doc.superbtc.org/img/dev/animated-en-merkleblock-parsing.gif]
[doc.superbtc.org/img/dev/animated-en-merkleblock-creation.gif]
[doc.superbtc.org/en/glossary/merkle-block.html]
[doc.superbtc.org/en/glossary/rpc-byte-order.html]
[doc.superbtc.org/en/release/v0.14.0.html]
[doc.superbtc.org/en/glossary/unspent-transaction-output.html]
[doc.superbtc.org/en/glossary/high-priority-transaction.html]
[doc.superbtc.org/en/glossary/p2sh-multisig.html]
[doc.superbtc.org/en/glossary/rbf.html]
[doc.superbtc.org/en/glossary/wallet-import-format.html]
[doc.superbtc.org/en/release/v0.11.0.html]
[doc.superbtc.org/en/release/v0.13.1.html]
[doc.superbtc.org/en/glossary/change-address.html]
[doc.superbtc.org/en/release/v0.14.1.html]
[doc.superbtc.org/en/glossary/locktime.html]
[doc.superbtc.org/en/glossary/watch-only-address.html]
[doc.superbtc.org/en/glossary/header-chain.html]
[doc.superbtc.org/en/release/v0.12.1.html]
[doc.superbtc.org/en/glossary/minimum-relay-fee.html]
[doc.superbtc.org/en/alerts.html]
[doc.superbtc.org/en/legal.html]
[doc.superbtc.org/en/privacy.html]
[doc.superbtc.org/en/press.html]
[doc.superbtc.org/en/about-us.html]
[doc.superbtc.org/en/blog.html]
[doc.superbtc.org/en/developer-reference.html]
[doc.superbtc.org/css/font-awesome-4.4.0/css/font-awesome.min.css]
[doc.superbtc.org/img/icons/wallet_help.png]
[doc.superbtc.org/css/main.css]
[doc.superbtc.org/js/devsearch.js]
[doc.superbtc.org/img/jquery/ui-icons_444444_256x240.png]
[doc.superbtc.org/img/jquery/ui-icons_777777_256x240.png]
[doc.superbtc.org/img/jquery/ui-icons_555555_256x240.png]
[doc.superbtc.org/img/jquery/ui-icons_ffffff_256x240.png]
[doc.superbtc.org/js/jquery/jquery-1.11.2.min.js]
[doc.superbtc.org/img/jquery/ui-icons_777620_256x240.png]
[doc.superbtc.org/img/jquery/ui-icons_cc0000_256x240.png]
[doc.superbtc.org/css/jquery-ui.min.css]
[doc.superbtc.org/en/bitcoin-core/index.html]
[doc.superbtc.org/en/bitcoin-core/features/index.html]
[doc.superbtc.org/js/jquery/jquery-ui.min.js]
[doc.superbtc.org/en/index.html]
[doc.superbtc.org/en/download.html]
[doc.superbtc.org/en/bitcoin-core/contribute/index.html]
[doc.superbtc.org/js/bitcoin-core.js]
[doc.superbtc.org/en/development.html]
[doc.superbtc.org/en/developer-glossary.html]
[doc.superbtc.org/en/glossary/consensus.html]
[doc.superbtc.org/en/glossary/51-percent-attack.html]
[doc.superbtc.org/en/glossary/orphan-block.html]
[doc.superbtc.org/en/glossary/block-reward-2.html]
[doc.superbtc.org/en/glossary/uasf.html]
[doc.superbtc.org/en/glossary/masf.html]
[doc.superbtc.org/en/glossary/compressed-public-key-2.html]
[doc.superbtc.org/en/glossary/sighash-all.html]
[doc.superbtc.org/en/glossary/sighash-none.html]
[doc.superbtc.org/en/glossary/sighash-single.html]
[doc.superbtc.org/en/glossary/sighash-anyonecanpay.html]
[doc.superbtc.org/en/glossary/malleability.html]
[doc.superbtc.org/en/glossary/escrow-contract.html]
[doc.superbtc.org/en/glossary/parent-key.html]
[doc.superbtc.org/en/glossary/child-key.html]
[doc.superbtc.org/en/glossary/master-chain-code-and-private-key.html]
[doc.superbtc.org/en/glossary/hardened-extended-key.html]
[doc.superbtc.org/img/dev/en-btcc-payment-request.png]
[doc.superbtc.org/en/glossary/dns-seed.html]
[doc.superbtc.org/en/developer-guide.html]
[doc.superbtc.org/en/alert/2013-03-11-chain-fork.html]
[doc.superbtc.org/en/rss/releases.rss]
[doc.superbtc.org/en/release/v0.10.0.html]
[doc.superbtc.org/en/glossary/block-header.html]
[doc.superbtc.org/en/glossary/consensus-rules.html]
[doc.superbtc.org/en/glossary/block.html]
[doc.superbtc.org/en/glossary/internal-byte-order.html]
[doc.superbtc.org/en/glossary/merkle-root.html]
[doc.superbtc.org/en/glossary/mining.html]
[doc.superbtc.org/en/glossary/node.html]
[doc.superbtc.org/en/glossary/nbits.html]
[doc.superbtc.org/en/glossary/coinbase-transaction.html]
[doc.superbtc.org/en/glossary/genesis-block.html]
[doc.superbtc.org/en/release/v0.7.html]
[doc.superbtc.org/en/glossary/soft-fork.html]
[doc.superbtc.org/en/glossary/block-height.html]
[doc.superbtc.org/en/glossary/coinbase.html]
[doc.superbtc.org/en/glossary/fork.html]
[doc.superbtc.org/en/glossary/signature.html]
[doc.superbtc.org/en/release/v0.8.html]
[doc.superbtc.org/en/release/v0.11.html]
[doc.superbtc.org/en/glossary/op-code.html]
[doc.superbtc.org/en/glossary/txid.html]
[doc.superbtc.org/en/glossary/input.html]
[doc.superbtc.org/en/glossary/output.html]
[doc.superbtc.org/en/glossary/block-chain.html]
[doc.superbtc.org/en/glossary/merkle-tree.html]
[doc.superbtc.org/en/glossary/difficulty.html]
[doc.superbtc.org/en/glossary/mainnet.html]
[doc.superbtc.org/en/glossary/testnet.html]
[doc.superbtc.org/en/glossary/regression-test-mode.html]
[doc.superbtc.org/en/glossary/compactsize.html]
[doc.superbtc.org/en/glossary/serialized-transaction.html]
[doc.superbtc.org/en/glossary/transaction-fee.html]
[doc.superbtc.org/en/glossary/denominations.html]
[doc.superbtc.org/en/glossary/block-reward.html]
[doc.superbtc.org/en/glossary/op-code-2.html]
[doc.superbtc.org/en/glossary/pubkey-script.html]
[doc.superbtc.org/en/glossary/standard-transaction.html]
[doc.superbtc.org/en/glossary/public-key.html]
[doc.superbtc.org/en/glossary/signature-hash.html]
[doc.superbtc.org/en/glossary/private-key.html]
[doc.superbtc.org/en/glossary/signature-script.html]
[doc.superbtc.org/en/glossary/redeem-script.html]
[doc.superbtc.org/en/glossary/p2sh-address.html]
[doc.superbtc.org/en/glossary/multisig.html]
[doc.superbtc.org/en/glossary/address.html]
[doc.superbtc.org/en/glossary/p2pkh-address.html]
[doc.superbtc.org/en/glossary/base58check.html]
[doc.superbtc.org/en/release/v0.9.html]
[doc.superbtc.org/en/glossary/outpoint.html]
[doc.superbtc.org/en/glossary/sequence-number.html]
[doc.superbtc.org/en/developer-examples.html]
[doc.superbtc.org/en/glossary/wallet.html]
[doc.superbtc.org/en/glossary/hd-protocol.html]
[doc.superbtc.org/en/glossary/payment-protocol.html]
[doc.superbtc.org/en/glossary/start-string.html]
[doc.superbtc.org/en/release/v0.14.html]
[doc.superbtc.org/en/release/v0.13.html]
[doc.superbtc.org/en/release/v0.13.0.html]
[doc.superbtc.org/en/glossary/inventory.html]
[doc.superbtc.org/en/release/v0.12.0.html]
[doc.superbtc.org/en/release/v0.9-2.html]
[doc.superbtc.org/en/release/v0.6.html]
[doc.superbtc.org/en/release/v0.6-2.html]
[doc.superbtc.org/en/glossary/message-header.html]
[doc.superbtc.org/en/glossary/bloom-filter.html]
[doc.superbtc.org/en/glossary/serialized-block.html]
[doc.superbtc.org/en/glossary/stale-block.html]
[doc.superbtc.org/en/glossary/headers-first-sync.html]
[doc.superbtc.org/en/glossary/confirmation-score.html]
[doc.superbtc.org/en/glossary/simplified-payment-verification.html]
[doc.superbtc.org/en/glossary/proof-of-work.html]
[doc.superbtc.org/en/glossary/merkle-block.html]
[doc.superbtc.org/en/glossary/double-spend.html]
[doc.superbtc.org/en/glossary/rpc-byte-order.html]
[doc.superbtc.org/en/release/v0.14.0.html]
[doc.superbtc.org/en/glossary/unspent-transaction-output.html]
[doc.superbtc.org/en/glossary/high-priority-transaction.html]
[doc.superbtc.org/en/glossary/p2sh-multisig.html]
[doc.superbtc.org/en/glossary/rbf.html]
[doc.superbtc.org/en/glossary/wallet-import-format.html]
[doc.superbtc.org/en/release/v0.11.0.html]
[doc.superbtc.org/en/release/v0.13.1.html]
[doc.superbtc.org/en/glossary/change-address.html]
[doc.superbtc.org/en/release/v0.14.1.html]
[doc.superbtc.org/en/glossary/locktime.html]
[doc.superbtc.org/en/glossary/watch-only-address.html]
[doc.superbtc.org/en/glossary/header-chain.html]
[doc.superbtc.org/en/release/v0.12.1.html]
[doc.superbtc.org/en/glossary/minimum-relay-fee.html]
[doc.superbtc.org/en/glossary/compressed-public-key.html]
[doc.superbtc.org/en/rss/alerts.rss]
[doc.superbtc.org/en/alerts.html]
[doc.superbtc.org/en/legal.html]
[doc.superbtc.org/en/privacy.html]
[doc.superbtc.org/en/bitcoin-paper.html]
[doc.superbtc.org/img/faq/merchants_map.png]
[doc.superbtc.org/img/faq/mobile_send.png]
[doc.superbtc.org/img/faq/mobile_receive.png]
[doc.superbtc.org/img/press/video/funke.jpg]
[doc.superbtc.org/img/press/video/whatisbitcoin.jpg]
[doc.superbtc.org/en/press.html]
[doc.superbtc.org/en/about-us.html]
[doc.superbtc.org/en/blog.html]
[doc.superbtc.org/img/os/windows.png]
[doc.superbtc.org/img/os/mac.png]
[doc.superbtc.org/en/rss/blog.xml]
[doc.superbtc.org/img/os/linux.png]
[doc.superbtc.org/en/bitcoin-core/index.html]
[doc.superbtc.org/en/bitcoin-core/features/index.html]
[doc.superbtc.org/en/bitcoin-core/features/validation.html]
[doc.superbtc.org/en/bitcoin-core/features/privacy.html]
[doc.superbtc.org/en/bitcoin-core/features/requirements.html]
[doc.superbtc.org/en/bitcoin-core/features/user-interface.html]
[doc.superbtc.org/en/bitcoin-core/features/network-support.html]
[doc.superbtc.org/en/bitcoin-core/help.html]
[doc.superbtc.org/en/bitcoin-core/contribute/issues.html]
[doc.superbtc.org/en/development-2.html]
[doc.superbtc.org/en/bitcoin-core/contribute/documentation.html]
[doc.superbtc.org/en/bitcoin-core/contribute/translations.html]
[doc.superbtc.org/en/bitcoin-core/contribute/support.html]
[doc.superbtc.org/en/version-history.html]
[doc.superbtc.org/img/video/video_wuc.jpg]
[doc.superbtc.org/en/index.html]
[doc.superbtc.org/en/alerts-2.html]
[doc.superbtc.org/en/legal-2.html]
[doc.superbtc.org/en/privacy-2.html]
[doc.superbtc.org/en/bitcoin-core/about-site.html]
[doc.superbtc.org/en/bitcoin-core/contribute/index.html]
[doc.superbtc.org/en/developer-documentation.html]
[doc.superbtc.org/en/glossary/cpfp-2.html]
[doc.superbtc.org/en/glossary/blocks-first-sync-2.html]
[doc.superbtc.org/en/glossary/chain-code-2.html]
[doc.superbtc.org/en/glossary/compactsize-2.html]
[doc.superbtc.org/en/glossary/null-data-transaction-2.html]
[doc.superbtc.org/en/glossary/double-spend-2.html]
[doc.superbtc.org/en/glossary/extended-key-2.html]
[doc.superbtc.org/en/glossary/hard-fork-2.html]
[doc.superbtc.org/en/glossary/hd-wallet-seed-2.html]
[doc.superbtc.org/en/glossary/headers-first-sync-2.html]
[doc.superbtc.org/en/glossary/initial-block-download-2.html]
[doc.superbtc.org/en/glossary/inventory-2.html]
[doc.superbtc.org/en/glossary/block-size-limit.html]
[doc.superbtc.org/en/developer-glossary.html]
[doc.superbtc.org/en/glossary/consensus-2.html]
[doc.superbtc.org/en/glossary/51-percent-attack.html]
[doc.superbtc.org/en/glossary/orphan-block.html]
[doc.superbtc.org/en/glossary/block-reward-2.html]
[doc.superbtc.org/en/glossary/hard-fork.html]
[doc.superbtc.org/en/glossary/uasf.html]
[doc.superbtc.org/en/glossary/masf.html]
[doc.superbtc.org/en/glossary/null-data-transaction.html]
[doc.superbtc.org/en/glossary/compressed-public-key-2.html]
[doc.superbtc.org/en/glossary/sighash-all.html]
[doc.superbtc.org/en/glossary/sighash-none.html]
[doc.superbtc.org/en/glossary/sighash-single.html]
[doc.superbtc.org/en/glossary/sighash-anyonecanpay.html]
[doc.superbtc.org/en/glossary/malleability.html]
[doc.superbtc.org/en/glossary/escrow-contract.html]
[doc.superbtc.org/en/glossary/parent-key.html]
[doc.superbtc.org/en/glossary/child-key.html]
[doc.superbtc.org/en/glossary/hd-wallet-seed.html]
[doc.superbtc.org/en/glossary/chain-code.html]
[doc.superbtc.org/en/glossary/master-chain-code-and-private-key.html]
[doc.superbtc.org/en/glossary/extended-key.html]
[doc.superbtc.org/en/glossary/hardened-extended-key.html]
[doc.superbtc.org/en/glossary/dns-seed.html]
[doc.superbtc.org/en/glossary/initial-block-download.html]
[doc.superbtc.org/en/release/v0.10.html]
[doc.superbtc.org/en/glossary/blocks-first-sync.html]
[doc.superbtc.org/en/release/v0.13-2.html]
[doc.superbtc.org/en/glossary/difficulty-2.html]
[doc.superbtc.org/en/glossary/child-key-2.html]
[doc.superbtc.org/en/glossary/signature-hash-2.html]
[doc.superbtc.org/en/glossary/base58check-2.html]
[doc.superbtc.org/en/glossary/cpfp.html]
[doc.superbtc.org/en/alert/2017-10-09-segwit2x-safety.html]
[doc.superbtc.org/en/alert/2017-07-12-potential-split.html]
[doc.superbtc.org/en/alert/2016-11-01-alert-retirement.html]
[doc.superbtc.org/en/alert/2016-08-17-binary-safety.html]
[doc.superbtc.org/en/alert/2015-10-12-upnp-vulnerability.html]
[doc.superbtc.org/en/alert/2015-07-04-spv-mining.html]
[doc.superbtc.org/en/alert/2014-04-11-heartbleed.html]
[doc.superbtc.org/en/alert/2014-02-11-malleability.html]
[doc.superbtc.org/en/alert/2013-08-11-android.html]
[doc.superbtc.org/en/alert/2013-03-15-upgrade-deadline.html]
[doc.superbtc.org/en/alert/2012-05-14-dos.html]
[doc.superbtc.org/en/alert/2012-03-16-critical-vulnerability.html]
[doc.superbtc.org/en/alert/2012-02-18-protocol-change.html]
[doc.superbtc.org/en/community.html]
[doc.superbtc.org/en/how-it-works.html]
[doc.superbtc.org/en/bitcoin-paper.html]
[doc.superbtc.org/en/spend-bitcoin.html]
[doc.superbtc.org/en/you-need-to-know.html]
[doc.superbtc.org/en/secure-your-wallet.html]
[doc.superbtc.org/en/protect-your-privacy.html]
[doc.superbtc.org/en/faq.html]
[doc.superbtc.org/en/posts/denounce-segwit2x.html]
[doc.superbtc.org/en/posts/bitcoin-core-version-0-14-2-released.html]
[doc.superbtc.org/en/posts/bitcoin-core-version-0-14-1-released.html]
[doc.superbtc.org/en/posts/bitcoin-core-version-0-14-0-released.html]
[doc.superbtc.org/en/posts/bitcoin-exchanges-options-for-newcomers.html]
[doc.superbtc.org/en/posts/how-to-run-a-full-node.html]
[doc.superbtc.org/en/posts/bitcoin-core-subsite.html]
[doc.superbtc.org/en/posts/repository-move.html]
[doc.superbtc.org/en/posts/hard-fork-policy.html]
[doc.superbtc.org/en/posts/developer-docs-glossary-and-search.html]
[doc.superbtc.org/en/posts/site-updates-april-2015.html]
[doc.superbtc.org/en/posts/quarterly-report-march-2015.html]
[doc.superbtc.org/en/release/v0.15.html]
[doc.superbtc.org/en/release/v0.15.0.html]
[doc.superbtc.org/en/release/v0.15-2.html]
[doc.superbtc.org/en/support-bitcoin.html]
[doc.superbtc.org/en/getting-started.html]
[doc.superbtc.org/en/bitcoin-for-individuals.html]
[doc.superbtc.org/en/bitcoin-for-businesses.html]
[doc.superbtc.org/en/bitcoin-for-developers.html]
[doc.superbtc.org/en/vocabulary.html]
[doc.superbtc.org/en/glossary/cpfp-2.html]
[doc.superbtc.org/en/glossary/blocks-first-sync-2.html]
[doc.superbtc.org/en/glossary/chain-code-2.html]
[doc.superbtc.org/en/glossary/compactsize-2.html]
[doc.superbtc.org/en/glossary/null-data-transaction-2.html]
[doc.superbtc.org/en/glossary/double-spend-2.html]
[doc.superbtc.org/en/glossary/extended-key-2.html]
[doc.superbtc.org/en/glossary/hard-fork-2.html]
[doc.superbtc.org/en/glossary/hd-wallet-seed-2.html]
[doc.superbtc.org/en/glossary/headers-first-sync-2.html]
[doc.superbtc.org/en/glossary/initial-block-download-2.html]
[doc.superbtc.org/en/glossary/inventory-2.html]
[doc.superbtc.org/en/glossary/block-size-limit.html]
