[chainquery.com/bitcoin-api.html]
[backblue.gif]
[fade.gif]
[index.html]
[chainquery.com/css/bootstrap.min.css]
[chainquery.com/css/chain-query.css]
[chainquery.com/donate]
[chainquery.com/bitcoin-api/getinfo.html]
[chainquery.com/bitcoin-api/createmultisig.html]
[chainquery.com/bitcoin-api/getmempoolinfo.html]
[chainquery.com/bitcoin-api/estimatefee.html]
[chainquery.com/bitcoin-api/listaccounts/1/true.html]
[chainquery.com/bitcoin-api/abandontransaction.html]
[chainquery.com/bitcoin-api/addmultisigaddress.html]
[chainquery.com/bitcoin-api/addnode.html]
[chainquery.com/bitcoin-api/createrawtransaction.html]
[chainquery.com/bitcoin-api/decoderawtransaction.html]
[chainquery.com/bitcoin-api/decodescript.html]
[chainquery.com/bitcoin-api/dumpprivkey.html]
[chainquery.com/bitcoin-api/encryptwallet.html]
[chainquery.com/bitcoin-api/estimatepriority.html]
[chainquery.com/bitcoin-api/getaccountaddress.html]
[chainquery.com/bitcoin-api/getaccount.html]
[chainquery.com/bitcoin-api/getaddednodeinfo.html]
[chainquery.com/bitcoin-api/getaddressesbyaccount.html]
[chainquery.com/bitcoin-api/getbalance.html]
[chainquery.com/bitcoin-api/getbestblockhash.html]
[chainquery.com/bitcoin-api/getblock.html]
[chainquery.com/bitcoin-api/getblockchaininfo.html]
[chainquery.com/bitcoin-api/getblockcount.html]
[chainquery.com/bitcoin-api/getblockhash.html]
[chainquery.com/bitcoin-api/getblocktemplate.html]
[chainquery.com/bitcoin-api/getchaintips.html]
[chainquery.com/bitcoin-api/getconnectioncount.html]
[chainquery.com/bitcoin-api/getdifficulty.html]
[chainquery.com/bitcoin-api/getgenerate.html]
[chainquery.com/bitcoin-api/getmininginfo.html]
[chainquery.com/bitcoin-api/getnettotals.html]
[chainquery.com/bitcoin-api/getnetworkhashps.html]
[chainquery.com/bitcoin-api/getnetworkinfo.html]
[chainquery.com/bitcoin-api/getpeerinfo.html]
[chainquery.com/bitcoin-api/getrawtransaction.html]
[chainquery.com/bitcoin-api/getreceivedbyaccount.html]
[chainquery.com/bitcoin-api/getreceivedbyaddress.html]
[chainquery.com/bitcoin-api/gettransaction.html]
[chainquery.com/bitcoin-api/gettxout.html]
[chainquery.com/bitcoin-api/gettxoutproof.html]
[chainquery.com/bitcoin-api/getunconfirmedbalance.html]
[chainquery.com/bitcoin-api/getwalletinfo.html]
[chainquery.com/bitcoin-api/help.html]
[chainquery.com/bitcoin-api/keypoolrefill.html]
[chainquery.com/bitcoin-api/listaccounts.html]
[chainquery.com/bitcoin-api/listaddressgroupings.html]
[chainquery.com/bitcoin-api/listlockunspent.html]
[chainquery.com/bitcoin-api/listreceivedbyaccount.html]
[chainquery.com/bitcoin-api/listreceivedbyaddress.html]
[chainquery.com/bitcoin-api/listtransactions.html]
[chainquery.com/bitcoin-api/listunspent.html]
[chainquery.com/bitcoin-api/lockunspent.html]
[chainquery.com/bitcoin-api/prioritisetransaction.html]
[chainquery.com/bitcoin-api/sendfrom.html]
[chainquery.com/bitcoin-api/getrawmempool.html]
[chainquery.com/bitcoin-api/sendmany.html]
[chainquery.com/bitcoin-api/sendrawtransaction.html]
[chainquery.com/bitcoin-api/sendtoaddress.html]
[chainquery.com/bitcoin-api/settxfee.html]
[chainquery.com/bitcoin-api/signmessage.html]
[chainquery.com/bitcoin-api/signrawtransaction.html]
[chainquery.com/bitcoin-api/submitblock.html]
[chainquery.com/bitcoin-api/validateaddress.html]
[chainquery.com/bitcoin-api/verifymessage.html]
[chainquery.com/bitcoin-api/verifytxoutproof.html]
[chainquery.com/bitcoin-api/walletlock.html]
[chainquery.com/bitcoin-api/walletpassphrase.html]
[chainquery.com/bitcoin-api/walletpassphrasechange.html]
[chainquery.com/js/jquery.min.js]
[chainquery.com/js/ie10-viewport-bug-workaround.js]
[chainquery.com/js/bootstrap.min.js]
[chainquery.com/js/clicky.js]
[in.getclicky.com/100870542ns.gif]
[chainquery.com/bitcoin-api.html]
[chainquery.com/fonts/glyphicons-halflings-regular.eot]
[chainquery.com/fonts/glyphicons-halflings-regulard41d.eot]
[chainquery.com/fonts/glyphicons-halflings-regular.woff]
[chainquery.com/fonts/glyphicons-halflings-regular.ttf]
[chainquery.com/css/bootstrap.min.css]
[chainquery.com/css/chain-query.css]
[chainquery.com/index.html]
[chainquery.com/donate.html]
[chainquery.com/bitcoin-api/getinfo.html]
[chainquery.com/bitcoin-api/createmultisig.html]
[chainquery.com/bitcoin-api/getmempoolinfo.html]
[chainquery.com/bitcoin-api/estimatefee.html]
[chainquery.com/bitcoin-api/listaccounts/1/true.html]
[chainquery.com/bitcoin-api/abandontransaction.html]
[chainquery.com/bitcoin-api/addmultisigaddress.html]
[chainquery.com/bitcoin-api/addnode.html]
[chainquery.com/bitcoin-api/createrawtransaction.html]
[chainquery.com/bitcoin-api/decoderawtransaction.html]
[chainquery.com/bitcoin-api/decodescript.html]
[chainquery.com/bitcoin-api/dumpprivkey.html]
[chainquery.com/bitcoin-api/encryptwallet.html]
[chainquery.com/bitcoin-api/estimatepriority.html]
[chainquery.com/bitcoin-api/getaccountaddress.html]
[chainquery.com/bitcoin-api/getaccount.html]
[chainquery.com/bitcoin-api/getaddednodeinfo.html]
[chainquery.com/bitcoin-api/getaddressesbyaccount.html]
[chainquery.com/bitcoin-api/getbalance.html]
[chainquery.com/bitcoin-api/getbestblockhash.html]
[chainquery.com/bitcoin-api/getblock.html]
[chainquery.com/bitcoin-api/getblockchaininfo.html]
[chainquery.com/bitcoin-api/getblockcount.html]
[chainquery.com/bitcoin-api/getblockhash.html]
[chainquery.com/bitcoin-api/getblocktemplate.html]
[chainquery.com/bitcoin-api/getchaintips.html]
[chainquery.com/bitcoin-api/getconnectioncount.html]
[chainquery.com/bitcoin-api/getdifficulty.html]
[chainquery.com/bitcoin-api/getgenerate.html]
[chainquery.com/bitcoin-api/getmininginfo.html]
[chainquery.com/bitcoin-api/getnettotals.html]
[chainquery.com/bitcoin-api/getnetworkhashps.html]
[chainquery.com/bitcoin-api/getnetworkinfo.html]
[chainquery.com/bitcoin-api/getpeerinfo.html]
[chainquery.com/bitcoin-api/getrawmempool.html]
[chainquery.com/bitcoin-api/getrawtransaction.html]
[chainquery.com/bitcoin-api/getreceivedbyaccount.html]
[chainquery.com/bitcoin-api/getreceivedbyaddress.html]
[chainquery.com/bitcoin-api/gettransaction.html]
[chainquery.com/bitcoin-api/gettxout.html]
[chainquery.com/bitcoin-api/gettxoutproof.html]
[chainquery.com/bitcoin-api/getunconfirmedbalance.html]
[chainquery.com/bitcoin-api/getwalletinfo.html]
[chainquery.com/bitcoin-api/help.html]
[chainquery.com/bitcoin-api/keypoolrefill.html]
[chainquery.com/bitcoin-api/listaccounts.html]
[chainquery.com/bitcoin-api/listaddressgroupings.html]
[chainquery.com/bitcoin-api/listlockunspent.html]
[chainquery.com/bitcoin-api/listreceivedbyaccount.html]
[chainquery.com/bitcoin-api/listreceivedbyaddress.html]
[chainquery.com/bitcoin-api/listtransactions.html]
[chainquery.com/bitcoin-api/listunspent.html]
[chainquery.com/bitcoin-api/lockunspent.html]
[chainquery.com/bitcoin-api/prioritisetransaction.html]
[chainquery.com/bitcoin-api/sendfrom.html]
[chainquery.com/bitcoin-api/sendmany.html]
[chainquery.com/bitcoin-api/sendrawtransaction.html]
[chainquery.com/bitcoin-api/sendtoaddress.html]
[chainquery.com/bitcoin-api/settxfee.html]
[chainquery.com/bitcoin-api/signmessage.html]
[chainquery.com/bitcoin-api/signrawtransaction.html]
[chainquery.com/bitcoin-api/submitblock.html]
[chainquery.com/bitcoin-api/validateaddress.html]
[chainquery.com/bitcoin-api/verifymessage.html]
[chainquery.com/bitcoin-api/verifytxoutproof.html]
[chainquery.com/bitcoin-api/walletlock.html]
[chainquery.com/bitcoin-api/walletpassphrase.html]
[chainquery.com/bitcoin-api/walletpassphrasechange.html]
[chainquery.com/fonts/glyphicons-halflings-regular.html]
[chainquery.com/fonts/glyphicons-halflings-regular.svg]
